<html>
<body>
<pre>
<h1>µVision Build Log</h1>
<h2>Tool Versions:</h2>
IDE-Version: ¦ÌVision V5.38.0.0
Copyright (C) 2022 ARM Ltd and ARM Germany GmbH. All rights reserved.
License Information: rio Admin, rio, LIC=WHYH9-41S13-VE9HA-1P9V9-F08QJ-H7N6D
 
Tool Versions:
Toolchain:       MDK-ARM Plus  Version: 5.38.0.0
Toolchain Path:  C:\Keil_v5\ARM\ARMCC\Bin
C Compiler:      Armcc.exe V5.06 update 6 (build 750)
Assembler:       Armasm.exe V5.06 update 6 (build 750)
Linker/Locator:  ArmLink.exe V5.06 update 6 (build 750)
Library Manager: ArmAr.exe V5.06 update 6 (build 750)
Hex Converter:   FromElf.exe V5.06 update 6 (build 750)
CPU DLL:         SARMCM3.DLL V5.38.0.0
Dialog DLL:      DCM.DLL V1.17.5.0
Target DLL:      CMSIS_AGDI.dll V1.33.15.0
Dialog DLL:      TCM.DLL V1.56.4.0
 
<h2>Project:</h2>
C:\Users\Admin\Desktop\Pedestrian_flow_monitoring_system\Pedestrian_flow_monitoring_system\MDK-ARM\Pedestrian_flow_monitoring_system.uvprojx
Project File Date:  03/25/2026

<h2>Output:</h2>
*** Using Compiler 'V5.06 update 6 (build 750)', folder: 'C:\Keil_v5\ARM\ARMCC\Bin'
Build target 'Pedestrian_flow_monitoring_system'
compiling main.c...
../Core/Src/main.c(220): warning:  #223-D: function "strstr" declared implicitly
    if(strstr((char*)uart2_rx_buffer, "CONNECT OK") != NULL)
../Core/Src/main.c(237): warning:  #223-D: function "memset" declared implicitly
      memset(uart2_rx_buffer, 0, UART2_BUFFER_SIZE);
../Core/Src/main.c(257): warning:  #223-D: function "memset" declared implicitly
      memset(uart2_rx_buffer, 0, UART2_BUFFER_SIZE);
../Core/Src/main.c(286): warning:  #223-D: function "memset" declared implicitly
      memset(uart2_rx_buffer, 0, UART2_BUFFER_SIZE);
../Core/Src/main.c(319): warning:  #223-D: function "memset" declared implicitly
      memset(uart2_rx_buffer, 0, UART2_BUFFER_SIZE);
../Core/Src/main.c(347): warning:  #223-D: function "memset" declared implicitly
      memset(uart2_rx_buffer, 0, UART2_BUFFER_SIZE);
../Core/Src/main.c(474): warning:  #223-D: function "sprintf" declared implicitly
        sprintf(warning_msg, "ALARM: Pedestrian count %ld over threshold %d\r\n", pedestrian_count, threshold);
../Core/Src/main.c(475): warning:  #223-D: function "strlen" declared implicitly
        HAL_UART_Transmit(&huart2, (uint8_t*)warning_msg, strlen(warning_msg), HAL_MAX_DELAY);
../Core/Src/main.c: 8 warnings, 0 errors
linking...
Program Size: Code=9836 RO-data=6944 RW-data=40 ZI-data=2864  
FromELF: creating hex file...
"Pedestrian_flow_monitoring_system\Pedestrian_flow_monitoring_system.axf" - 0 Error(s), 8 Warning(s).

<h2>Software Packages used:</h2>

Package Vendor: ARM
                http://www.keil.com/pack/ARM.CMSIS.5.9.0.pack
                ARM.CMSIS.5.9.0
                CMSIS (Common Microcontroller Software Interface Standard)
   * Component: CORE Version: 5.6.0

Package Vendor: Keil
                https://www.keil.com/pack/Keil.STM32F1xx_DFP.2.4.1.pack
                Keil.STM32F1xx_DFP.2.4.1
                STMicroelectronics STM32F1 Series Device Support, Drivers and Examples

<h2>Collection of Component include folders:</h2>
  ./RTE/_Pedestrian_flow_monitoring_system
  C:/Users/Admin/AppData/Local/Arm/Packs/ARM/CMSIS/5.9.0/CMSIS/Core/Include
  C:/Users/Admin/AppData/Local/Arm/Packs/Keil/STM32F1xx_DFP/2.4.1/Device/Include

<h2>Collection of Component Files used:</h2>

   * Component: ARM::CMSIS:CORE:5.6.0
      Include file:  CMSIS/Core/Include/tz_context.h
Build Time Elapsed:  00:00:01
</pre>
</body>
</html>
